// Jest Snapshot v1, https://goo.gl/fbAQLP

exports[`Test Signup page  Test snapshot using the initial state 1`] = `ReactWrapper {}`;

exports[`Test Signup page  Test snapshot using the initial state 2`] = `ReactWrapper {}`;

exports[`Test Signup page  Test snapshot using the initial state 3`] = `ReactWrapper {}`;
